vite v6.4.2 building for production...
transforming...
Browserslist: caniuse-lite is outdated. Please run:
  npx update-browserslist-db@latest
  Why you should do it regularly: https://github.com/browserslist/update-db#readme
Browserslist: caniuse-lite is outdated. Please run:
  npx update-browserslist-db@latest
  Why you should do it regularly: https://github.com/browserslist/update-db#readme
✓ 5078 modules transformed.

<--- Last few GCs --->

[67739:0x73940c000]    56231 ms: Scavenge (interleaved) 2030.9 (2052.8) -> 2028.6 (2061.3) MB, pooled: 1 MB, 5.92 / 0.00 ms  (average mu = 0.103, current mu = 0.009) allocation failure; 
[67739:0x73940c000]    57424 ms: Mark-Compact 2035.5 (2062.3) -> 2028.8 (2063.1) MB, pooled: 0 MB, 1149.42 / 0.00 ms  (average mu = 0.088, current mu = 0.068) allocation failure; scavenge might not succeed

FATAL ERROR: Ineffective mark-compacts near heap limit Allocation failed - JavaScript heap out of memory
----- Native stack trace -----

 1: 0x10420c3dc node::OOMErrorHandler(char const*, v8::OOMDetails const&) [/Users/ghalyasaid/.nvm/versions/node/v24.13.0/bin/node]
 2: 0x10440cc60 v8::internal::V8::FatalProcessOutOfMemory(v8::internal::Isolate*, char const*, v8::OOMDetails const&) [/Users/ghalyasaid/.nvm/versions/node/v24.13.0/bin/node]
 3: 0x10466c890 v8::internal::Heap::stack() [/Users/ghalyasaid/.nvm/versions/node/v24.13.0/bin/node]
 4: 0x10466fc64 v8::internal::Heap::HasLowYoungGenerationAllocationRate() [/Users/ghalyasaid/.nvm/versions/node/v24.13.0/bin/node]
 5: 0x104680eb4 v8::internal::Heap::CollectGarbage(v8::internal::AllocationSpace, v8::internal::GarbageCollectionReason, v8::GCCallbackFlags)::$_1::operator()() const [/Users/ghalyasaid/.nvm/versions/node/v24.13.0/bin/node]
 6: 0x104680788 void heap::base::Stack::SetMarkerAndCallbackImpl<v8::internal::Heap::CollectGarbage(v8::internal::AllocationSpace, v8::internal::GarbageCollectionReason, v8::GCCallbackFlags)::$_1>(heap::base::Stack*, void*, void const*) [/Users/ghalyasaid/.nvm/versions/node/v24.13.0/bin/node]
 7: 0x105036184 PushAllRegistersAndIterateStack [/Users/ghalyasaid/.nvm/versions/node/v24.13.0/bin/node]
 8: 0x10466a594 v8::internal::Heap::CollectGarbage(v8::internal::AllocationSpace, v8::internal::GarbageCollectionReason, v8::GCCallbackFlags) [/Users/ghalyasaid/.nvm/versions/node/v24.13.0/bin/node]
 9: 0x10465f2a0 v8::internal::HeapAllocator::AllocateRawWithRetryOrFailSlowPath(int, v8::internal::AllocationType, v8::internal::AllocationOrigin, v8::internal::AllocationAlignment) [/Users/ghalyasaid/.nvm/versions/node/v24.13.0/bin/node]
10: 0x1046409ac v8::internal::Factory::NewFillerObject(int, v8::internal::AllocationAlignment, v8::internal::AllocationType, v8::internal::AllocationOrigin) [/Users/ghalyasaid/.nvm/versions/node/v24.13.0/bin/node]
11: 0x104acfbc8 v8::internal::Runtime_AllocateInYoungGeneration(int, unsigned long*, v8::internal::Isolate*) [/Users/ghalyasaid/.nvm/versions/node/v24.13.0/bin/node]
12: 0x105125f74 Builtins_CEntry_Return1_ArgvOnStack_NoBuiltinExit [/Users/ghalyasaid/.nvm/versions/node/v24.13.0/bin/node]
13: 0x12edc2574 
14: 0x12e4568d8 
15: 0x12e2b8398 
16: 0x12edc0490 
17: 0x12ee60268 
18: 0x12e45923c 
19: 0x12e457370 
20: 0x12e2b8398 
21: 0x12edd0f14 
22: 0x12edfc1f4 
23: 0x12e240a34 
24: 0x12e1a3a34 
25: 0x12ee75c80 
26: 0x12ee6b42c 
27: 0x105155a20 Builtins_ArrayMap [/Users/ghalyasaid/.nvm/versions/node/v24.13.0/bin/node]
28: 0x105088bec Builtins_InterpreterEntryTrampoline [/Users/ghalyasaid/.nvm/versions/node/v24.13.0/bin/node]
29: 0x105088bec Builtins_InterpreterEntryTrampoline [/Users/ghalyasaid/.nvm/versions/node/v24.13.0/bin/node]
30: 0x1050c7648 Builtins_AsyncFunctionAwaitResolveClosure [/Users/ghalyasaid/.nvm/versions/node/v24.13.0/bin/node]
31: 0x10519c5f8 Builtins_PromiseFulfillReactionJob [/Users/ghalyasaid/.nvm/versions/node/v24.13.0/bin/node]
32: 0x1050b6a50 Builtins_RunMicrotasks [/Users/ghalyasaid/.nvm/versions/node/v24.13.0/bin/node]
33: 0x1050867b0 Builtins_JSRunMicrotasksEntry [/Users/ghalyasaid/.nvm/versions/node/v24.13.0/bin/node]
34: 0x1045b0a94 v8::internal::(anonymous namespace)::Invoke(v8::internal::Isolate*, v8::internal::(anonymous namespace)::InvokeParams const&) [/Users/ghalyasaid/.nvm/versions/node/v24.13.0/bin/node]
35: 0x1045b1308 v8::internal::(anonymous namespace)::InvokeWithTryCatch(v8::internal::Isolate*, v8::internal::(anonymous namespace)::InvokeParams const&) [/Users/ghalyasaid/.nvm/versions/node/v24.13.0/bin/node]
36: 0x1045b1444 v8::internal::Execution::TryRunMicrotasks(v8::internal::Isolate*, v8::internal::MicrotaskQueue*) [/Users/ghalyasaid/.nvm/versions/node/v24.13.0/bin/node]
37: 0x1045e02f0 v8::internal::MicrotaskQueue::RunMicrotasks(v8::internal::Isolate*) [/Users/ghalyasaid/.nvm/versions/node/v24.13.0/bin/node]
38: 0x1045e0c50 v8::internal::MicrotaskQueue::PerformCheckpoint(v8::Isolate*) [/Users/ghalyasaid/.nvm/versions/node/v24.13.0/bin/node]
39: 0x10410d040 node::InternalCallbackScope::Close() [/Users/ghalyasaid/.nvm/versions/node/v24.13.0/bin/node]
40: 0x10410ca94 node::CallbackScope::~CallbackScope() [/Users/ghalyasaid/.nvm/versions/node/v24.13.0/bin/node]
41: 0x1041ccae0 (anonymous namespace)::uvimpl::Work::AfterThreadPoolWork(int) [/Users/ghalyasaid/.nvm/versions/node/v24.13.0/bin/node]
42: 0x1041ccef8 node::ThreadPoolWork::ScheduleWork()::'lambda'(uv_work_s*, int)::operator()(uv_work_s*, int) const [/Users/ghalyasaid/.nvm/versions/node/v24.13.0/bin/node]
43: 0x1041ccdac node::ThreadPoolWork::ScheduleWork()::'lambda'(uv_work_s*, int)::__invoke(uv_work_s*, int) [/Users/ghalyasaid/.nvm/versions/node/v24.13.0/bin/node]
44: 0x105061924 uv__work_done [/Users/ghalyasaid/.nvm/versions/node/v24.13.0/bin/node]
45: 0x105065654 uv__async_io [/Users/ghalyasaid/.nvm/versions/node/v24.13.0/bin/node]
46: 0x1050799ec uv__io_poll [/Users/ghalyasaid/.nvm/versions/node/v24.13.0/bin/node]
47: 0x105065bbc uv_run [/Users/ghalyasaid/.nvm/versions/node/v24.13.0/bin/node]
48: 0x10410db7c node::SpinEventLoopInternal(node::Environment*) [/Users/ghalyasaid/.nvm/versions/node/v24.13.0/bin/node]
49: 0x1042604b0 node::NodeMainInstance::Run() [/Users/ghalyasaid/.nvm/versions/node/v24.13.0/bin/node]
50: 0x1041c62d8 node::Start(int, char**) [/Users/ghalyasaid/.nvm/versions/node/v24.13.0/bin/node]
51: 0x18f0dc4e4 start [/usr/lib/dyld]
undefined
 ERR_PNPM_RECURSIVE_EXEC_FIRST_FAIL  Command was killed with SIGABRT (Aborted): vite build

