
> @chatwoot/chatwoot@4.17.0 test /Users/ghalyasaid/Documents/projects/AI-Lead-V1-Integration
> TZ=UTC vitest --no-watch --no-cache --no-coverage --logHeapUsage app/javascript/dashboard/routes/dashboard/owned/specs/LeadsDirectoryPage.spec.js app/javascript/dashboard/routes/dashboard/settings/aiLeadEmployee/specs/OfferConfigurationPanel.spec.js --run


 RUN  v3.0.5 /Users/ghalyasaid/Documents/projects/AI-Lead-V1-Integration

Browserslist: caniuse-lite is outdated. Please run:
  npx update-browserslist-db@latest
  Why you should do it regularly: https://github.com/browserslist/update-db#readme
stderr | app/javascript/dashboard/routes/dashboard/settings/aiLeadEmployee/specs/OfferConfigurationPanel.spec.js > saves explicit qualification mode, question purpose, requirement dimension and next step
[Vue warn]: Component "i18n-t" has already been registered in target app.
[Vue warn]: Component "I18nT" has already been registered in target app.
[Vue warn]: Component "i18n-n" has already been registered in target app.
[Vue warn]: Component "I18nN" has already been registered in target app.
[Vue warn]: Component "i18n-d" has already been registered in target app.
[Vue warn]: Component "I18nD" has already been registered in target app.
[Vue warn]: Directive "t" has already been registered in target app.

stderr | app/javascript/dashboard/routes/dashboard/settings/aiLeadEmployee/specs/OfferConfigurationPanel.spec.js > offers a stable boolean field for explicit sales-call agreement
[Vue warn]: Component "i18n-t" has already been registered in target app.
[Vue warn]: Component "I18nT" has already been registered in target app.
[Vue warn]: Component "i18n-n" has already been registered in target app.
[Vue warn]: Component "I18nN" has already been registered in target app.
[Vue warn]: Component "i18n-d" has already been registered in target app.
[Vue warn]: Component "I18nD" has already been registered in target app.
[Vue warn]: Directive "t" has already been registered in target app.

stderr | app/javascript/dashboard/routes/dashboard/settings/aiLeadEmployee/specs/OfferConfigurationPanel.spec.js > edits one Offer while preserving exact human currency units and its revision
[Vue warn]: Component "i18n-t" has already been registered in target app.
[Vue warn]: Component "I18nT" has already been registered in target app.
[Vue warn]: Component "i18n-n" has already been registered in target app.
[Vue warn]: Component "I18nN" has already been registered in target app.
[Vue warn]: Component "i18n-d" has already been registered in target app.
[Vue warn]: Component "I18nD" has already been registered in target app.
[Vue warn]: Directive "t" has already been registered in target app.

stderr | app/javascript/dashboard/routes/dashboard/settings/aiLeadEmployee/specs/OfferConfigurationPanel.spec.js > creates a separate Offer with ordered questions and a typed money rule
[Vue warn]: Component "i18n-t" has already been registered in target app.
[Vue warn]: Component "I18nT" has already been registered in target app.
[Vue warn]: Component "i18n-n" has already been registered in target app.
[Vue warn]: Component "I18nN" has already been registered in target app.
[Vue warn]: Component "i18n-d" has already been registered in target app.
[Vue warn]: Component "I18nD" has already been registered in target app.
[Vue warn]: Directive "t" has already been registered in target app.

Browserslist: caniuse-lite is outdated. Please run:
  npx update-browserslist-db@latest
  Why you should do it regularly: https://github.com/browserslist/update-db#readme
stderr | app/javascript/dashboard/routes/dashboard/settings/aiLeadEmployee/specs/OfferConfigurationPanel.spec.js > displays the saved question order even when the API array uses a different order
[Vue warn]: Component "i18n-t" has already been registered in target app.
[Vue warn]: Component "I18nT" has already been registered in target app.
[Vue warn]: Component "i18n-n" has already been registered in target app.
[Vue warn]: Component "I18nN" has already been registered in target app.
[Vue warn]: Component "i18n-d" has already been registered in target app.
[Vue warn]: Component "I18nD" has already been registered in target app.
[Vue warn]: Directive "t" has already been registered in target app.

stderr | app/javascript/dashboard/routes/dashboard/settings/aiLeadEmployee/specs/OfferConfigurationPanel.spec.js > keeps question ordering unambiguous after removing and adding questions
[Vue warn]: Component "i18n-t" has already been registered in target app.
[Vue warn]: Component "I18nT" has already been registered in target app.
[Vue warn]: Component "i18n-n" has already been registered in target app.
[Vue warn]: Component "I18nN" has already been registered in target app.
[Vue warn]: Component "i18n-d" has already been registered in target app.
[Vue warn]: Component "I18nD" has already been registered in target app.
[Vue warn]: Directive "t" has already been registered in target app.

stderr | app/javascript/dashboard/routes/dashboard/settings/aiLeadEmployee/specs/OfferConfigurationPanel.spec.js > retains a conflicted draft until the owner explicitly reloads the newer revision
[Vue warn]: Component "i18n-t" has already been registered in target app.
[Vue warn]: Component "I18nT" has already been registered in target app.
[Vue warn]: Component "i18n-n" has already been registered in target app.
[Vue warn]: Component "I18nN" has already been registered in target app.
[Vue warn]: Component "i18n-d" has already been registered in target app.
[Vue warn]: Component "I18nD" has already been registered in target app.
[Vue warn]: Directive "t" has already been registered in target app.

stderr | app/javascript/dashboard/routes/dashboard/settings/aiLeadEmployee/specs/OfferConfigurationPanel.spec.js > uses the per-Offer API from the existing settings tab without fetching unrelated settings
[Vue warn]: Component "i18n-t" has already been registered in target app.
[Vue warn]: Component "I18nT" has already been registered in target app.
[Vue warn]: Component "i18n-n" has already been registered in target app.
[Vue warn]: Component "I18nN" has already been registered in target app.
[Vue warn]: Component "i18n-d" has already been registered in target app.
[Vue warn]: Component "I18nD" has already been registered in target app.
[Vue warn]: Directive "t" has already been registered in target app.
[Vue warn]: Failed to resolve component: RouterLink
If this is a native custom element, make sure to exclude it from component resolution via compilerOptions.isCustomElement. 
  at <AiLeadEmployeeSettingsShell section="offers_qualification" ref="VTU_COMPONENT" > 
  at <VTUROOT>

stderr | app/javascript/dashboard/routes/dashboard/settings/aiLeadEmployee/specs/OfferConfigurationPanel.spec.js > uses the per-Offer API from the existing settings tab without fetching unrelated settings
[Vue warn]: Failed to resolve component: RouterLink
If this is a native custom element, make sure to exclude it from component resolution via compilerOptions.isCustomElement. 
  at <AiLeadEmployeeSettingsShell section="offers_qualification" ref="VTU_COMPONENT" > 
  at <VTUROOT>

stderr | app/javascript/dashboard/routes/dashboard/settings/aiLeadEmployee/specs/OfferConfigurationPanel.spec.js > updates existing money-rule currency without converting amounts and retains a rejected draft
[Vue warn]: Component "i18n-t" has already been registered in target app.
[Vue warn]: Component "I18nT" has already been registered in target app.
[Vue warn]: Component "i18n-n" has already been registered in target app.
[Vue warn]: Component "I18nN" has already been registered in target app.
[Vue warn]: Component "i18n-d" has already been registered in target app.
[Vue warn]: Component "I18nD" has already been registered in target app.
[Vue warn]: Directive "t" has already been registered in target app.

 ✓ app/javascript/dashboard/routes/dashboard/settings/aiLeadEmployee/specs/OfferConfigurationPanel.spec.js (9 tests) 231ms 75 MB heap used
 ✓ app/javascript/dashboard/routes/dashboard/owned/specs/LeadsDirectoryPage.spec.js (27 tests) 468ms 111 MB heap used

 Test Files  2 passed (2)
      Tests  36 passed (36)
   Start at  21:05:09
   Duration  2.92s (transform 1.50s, setup 261ms, collect 1.68s, tests 699ms, environment 814ms, prepare 110ms)

