
 RUN  v3.0.5 /Users/ghalyasaid/Documents/projects/AI-Lead-R09-Final-Review

Browserslist: caniuse-lite is outdated. Please run:
  npx update-browserslist-db@latest
  Why you should do it regularly: https://github.com/browserslist/update-db#readme
stderr | app/javascript/dashboard/routes/dashboard/settings/aiLeadEmployee/specs/OfferConfigurationPanel.spec.js > saves explicit qualification mode, question purpose, requirement dimension and next step
[Vue warn]: Component "i18n-t" has already been registered in target app.
[Vue warn]: Component "I18nT" has already been registered in target app.
[Vue warn]: Component "i18n-n" has already been registered in target app.
[Vue warn]: Component "I18nN" has already been registered in target app.
[Vue warn]: Component "i18n-d" has already been registered in target app.
[Vue warn]: Component "I18nD" has already been registered in target app.
[Vue warn]: Directive "t" has already been registered in target app.

stderr | app/javascript/dashboard/routes/dashboard/settings/aiLeadEmployee/specs/OfferConfigurationPanel.spec.js > offers a stable boolean field for explicit sales-call agreement
[Vue warn]: Component "i18n-t" has already been registered in target app.
[Vue warn]: Component "I18nT" has already been registered in target app.
[Vue warn]: Component "i18n-n" has already been registered in target app.
[Vue warn]: Component "I18nN" has already been registered in target app.
[Vue warn]: Component "i18n-d" has already been registered in target app.
[Vue warn]: Component "I18nD" has already been registered in target app.
[Vue warn]: Directive "t" has already been registered in target app.

stderr | app/javascript/dashboard/routes/dashboard/settings/aiLeadEmployee/specs/OfferConfigurationPanel.spec.js > edits one Offer while preserving exact human currency units and its revision
[Vue warn]: Component "i18n-t" has already been registered in target app.
[Vue warn]: Component "I18nT" has already been registered in target app.
[Vue warn]: Component "i18n-n" has already been registered in target app.
[Vue warn]: Component "I18nN" has already been registered in target app.
[Vue warn]: Component "i18n-d" has already been registered in target app.
[Vue warn]: Component "I18nD" has already been registered in target app.
[Vue warn]: Directive "t" has already been registered in target app.

stderr | app/javascript/dashboard/routes/dashboard/settings/aiLeadEmployee/specs/OfferConfigurationPanel.spec.js > creates a separate Offer with ordered questions and a typed money rule
[Vue warn]: Component "i18n-t" has already been registered in target app.
[Vue warn]: Component "I18nT" has already been registered in target app.
[Vue warn]: Component "i18n-n" has already been registered in target app.
[Vue warn]: Component "I18nN" has already been registered in target app.
[Vue warn]: Component "i18n-d" has already been registered in target app.
[Vue warn]: Component "I18nD" has already been registered in target app.
[Vue warn]: Directive "t" has already been registered in target app.

stderr | app/javascript/dashboard/routes/dashboard/settings/aiLeadEmployee/specs/OfferConfigurationPanel.spec.js > displays the saved question order even when the API array uses a different order
[Vue warn]: Component "i18n-t" has already been registered in target app.
[Vue warn]: Component "I18nT" has already been registered in target app.
[Vue warn]: Component "i18n-n" has already been registered in target app.
[Vue warn]: Component "I18nN" has already been registered in target app.
[Vue warn]: Component "i18n-d" has already been registered in target app.
[Vue warn]: Component "I18nD" has already been registered in target app.
[Vue warn]: Directive "t" has already been registered in target app.

stderr | app/javascript/dashboard/routes/dashboard/settings/aiLeadEmployee/specs/OfferConfigurationPanel.spec.js > keeps question ordering unambiguous after removing and adding questions
[Vue warn]: Component "i18n-t" has already been registered in target app.
[Vue warn]: Component "I18nT" has already been registered in target app.
[Vue warn]: Component "i18n-n" has already been registered in target app.
[Vue warn]: Component "I18nN" has already been registered in target app.
[Vue warn]: Component "i18n-d" has already been registered in target app.
[Vue warn]: Component "I18nD" has already been registered in target app.
[Vue warn]: Directive "t" has already been registered in target app.

stderr | app/javascript/dashboard/routes/dashboard/settings/aiLeadEmployee/specs/OfferConfigurationPanel.spec.js > retains a conflicted draft until the owner explicitly reloads the newer revision
[Vue warn]: Component "i18n-t" has already been registered in target app.
[Vue warn]: Component "I18nT" has already been registered in target app.
[Vue warn]: Component "i18n-n" has already been registered in target app.
[Vue warn]: Component "I18nN" has already been registered in target app.
[Vue warn]: Component "i18n-d" has already been registered in target app.
[Vue warn]: Component "I18nD" has already been registered in target app.
[Vue warn]: Directive "t" has already been registered in target app.

stderr | app/javascript/dashboard/routes/dashboard/settings/aiLeadEmployee/specs/OfferConfigurationPanel.spec.js > uses the per-Offer API from the existing settings tab without fetching unrelated settings
[Vue warn]: Component "i18n-t" has already been registered in target app.
[Vue warn]: Component "I18nT" has already been registered in target app.
[Vue warn]: Component "i18n-n" has already been registered in target app.
[Vue warn]: Component "I18nN" has already been registered in target app.
[Vue warn]: Component "i18n-d" has already been registered in target app.
[Vue warn]: Component "I18nD" has already been registered in target app.
[Vue warn]: Directive "t" has already been registered in target app.
[Vue warn]: Failed to resolve component: RouterLink
If this is a native custom element, make sure to exclude it from component resolution via compilerOptions.isCustomElement.
  at <AiLeadEmployeeSettingsShell section="offers_qualification" ref="VTU_COMPONENT" >
  at <VTUROOT>

stderr | app/javascript/dashboard/routes/dashboard/settings/aiLeadEmployee/specs/OfferConfigurationPanel.spec.js > uses the per-Offer API from the existing settings tab without fetching unrelated settings
[Vue warn]: Failed to resolve component: RouterLink
If this is a native custom element, make sure to exclude it from component resolution via compilerOptions.isCustomElement.
  at <AiLeadEmployeeSettingsShell section="offers_qualification" ref="VTU_COMPONENT" >
  at <VTUROOT>

stderr | app/javascript/dashboard/routes/dashboard/settings/aiLeadEmployee/specs/OfferConfigurationPanel.spec.js > updates existing money-rule currency without converting amounts and retains a rejected draft
[Vue warn]: Component "i18n-t" has already been registered in target app.
[Vue warn]: Component "I18nT" has already been registered in target app.
[Vue warn]: Component "i18n-n" has already been registered in target app.
[Vue warn]: Component "I18nN" has already been registered in target app.
[Vue warn]: Component "i18n-d" has already been registered in target app.
[Vue warn]: Component "I18nD" has already been registered in target app.
[Vue warn]: Directive "t" has already been registered in target app.

 ✓ app/javascript/dashboard/routes/dashboard/settings/aiLeadEmployee/specs/OfferConfigurationPanel.spec.js (9 tests) 571ms

 Test Files  1 passed (1)
      Tests  9 passed (9)
   Start at  22:33:33
   Duration  4.40s (transform 517ms, setup 301ms, collect 481ms, tests 571ms, environment 1.38s, prepare 201ms)
